<html>
<body>
<pre>
<h1>µVision Build Log</h1>
<h2>Tool Versions:</h2>
IDE-Version: µVision V5.29.0.0
Copyright (C) 2019 ARM Ltd and ARM Germany GmbH. All rights reserved.
License Information: mustafa yilmaz, Anadolu Universiyt, LIC=----
 
Tool Versions:
Toolchain:       MDK-Lite  Version: 5.29.0.0
Toolchain Path:  C:\Keil_v5\ARM\ARMCC\Bin
C Compiler:      Armcc.exe V5.06 update 6 (build 750)
Assembler:       Armasm.exe V5.06 update 6 (build 750)
Linker/Locator:  ArmLink.exe V5.06 update 6 (build 750)
Library Manager: ArmAr.exe V5.06 update 6 (build 750)
Hex Converter:   FromElf.exe V5.06 update 6 (build 750)
CPU DLL:         SARMCM3.DLL V5.29.0.0
Dialog DLL:      DCM.DLL V1.17.3.0
Target DLL:      lmidk-agdi.dll V???
Dialog DLL:      TCM.DLL V1.36.5.0
 
<h2>Project:</h2>
C:\Users\mustafa\Desktop\SelfOS\TM4C_BareMetal\09_Keil_CMSIS_IO\09_Keil_CMSIS_IO.uvprojx
Project File Date:  06/26/2021

<h2>Output:</h2>
*** Using Compiler 'V5.06 update 6 (build 750)', folder: 'C:\Keil_v5\ARM\ARMCC\Bin'
Build target 'TM4c1294'
compiling main.c...
main.c(51): warning:  #3170-D: use of a const variable in a constant expression is nonstandard in C
  			case sw1:
main.c(54): warning:  #3170-D: use of a const variable in a constant expression is nonstandard in C
  			case sw2:
main.c(57): warning:  #3170-D: use of a const variable in a constant expression is nonstandard in C
  			case (sw1 + sw2):
main.c(57): warning:  #3170-D: use of a const variable in a constant expression is nonstandard in C
  			case (sw1 + sw2):
main.c(69): warning:  #111-D: statement is unreachable
  	return 0;
main.c: 5 warnings, 0 errors
linking...
Program Size: Code=1100 RO-data=544 RW-data=8 ZI-data=608  
".\Objects\09_Keil_CMSIS_IO.axf" - 0 Error(s), 5 Warning(s).

<h2>Software Packages used:</h2>

Package Vendor: ARM
                http://www.keil.com/pack/ARM.CMSIS.5.7.0.pack
                ARM.CMSIS.5.7.0
                CMSIS (Cortex Microcontroller Software Interface Standard)
   * Component: CORE Version: 5.4.0

Package Vendor: Keil
                http://www.keil.com/pack/Keil.TM4C_DFP.1.1.0.pack
                Keil.TM4C_DFP.1.1.0
                Texas Instruments Tiva C Series Device Support and Examples
   * Component: Startup Version: 1.0.0

<h2>Collection of Component include folders:</h2>
  .\RTE\_TM4c1294
  C:\Users\mustafa\AppData\Local\Arm\Packs\ARM\CMSIS\5.7.0\CMSIS\Core\Include
  C:\Users\mustafa\AppData\Local\Arm\Packs\Keil\TM4C_DFP\1.1.0\Device\Include\TM4C129

<h2>Collection of Component Files used:</h2>

   * Component: ARM::CMSIS:CORE:5.4.0

   * Component: Keil::Device:Startup:1.0.0
      Include file:  Device\Include\TM4C129\TM4C129.h
      Source file:   Device\Source\ARM\startup_TM4C129.s
      Source file:   Device\Source\system_TM4C129.c
Build Time Elapsed:  00:00:00
</pre>
</body>
</html>
